// Jest Snapshot v1, https://goo.gl/fbAQLP

exports[`[components] - Footer it renders without failing snapshot 1`] = `<div />`;
